app/items/page.tsx(105,35): error TS2345: Argument of type '{ name: string; category: string; price: number; id?: string | undefined; image?: string | null | undefined; }' is not assignable to parameter of type 'Partial<MenuItem>'.
  Types of property 'image' are incompatible.
    Type 'string | null | undefined' is not assignable to type 'string | undefined'.
      Type 'null' is not assignable to type 'string | undefined'.
